Archive member included because of file (symbol)

D:/My_PGM/WinAVR/lib/gcc/avr/3.4.5/avr5\libgcc.a(_clear_bss.o)
                              main_can_bootloader_example.o (__do_clear_bss)

Allocating common symbols
Common symbol       size              file

local_buffer        0x100             can_isp_protocol.o
isp_start_address   0x2               isp_lib.o
isp_number_of_bytes
                    0x2               isp_lib.o
isp_select_memory   0x1               isp_lib.o
can_isp_rx_buffer   0x8               can_isp_protocol.o
can_communication_opened
                    0x1               can_isp_protocol.o
can_isp_rx_msg      0xb               can_isp_protocol.o
loc_buf_index       0x2               can_isp_protocol.o
base_isp_id         0x2               can_isp_protocol.o
isp_select_page     0x1               isp_lib.o
isp_number_of_bytes_copy
                    0x2               isp_lib.o
isp_start_address_copy
                    0x2               isp_lib.o
can_isp_tx_msg      0xb               can_isp_protocol.o
isp_prog_on_going   0x1               isp_lib.o
can_isp_tx_buffer   0x8               can_isp_protocol.o

Memory Configuration

Name             Origin             Length             Attributes
text             0x00000000         0x00020000         xr
data             0x00800060         0x0000ffa0         rw !x
eeprom           0x00810000         0x00010000         rw !x
*default*        0x00000000         0xffffffff

Linker script and memory map

Address of section .data set to 0x800100
LOAD D:/My_PGM/WinAVR/bin/../lib/gcc/avr/3.4.5/../../../../avr/lib/avr5/crtcan128.o
Address of section .text set to 0x1e000
LOAD main_can_bootloader_example.o
LOAD can_isp_protocol.o
LOAD can_drv.o
LOAD reduced_can_lib.o
LOAD eeprom_lib.o
LOAD flash_boot_drv.o
LOAD flash_boot_lib.o
LOAD isp_lib.o
LOAD D:/My_PGM/WinAVR/lib/gcc/avr/3.4.5/avr5\libgcc.a
LOAD D:/My_PGM/WinAVR/bin/../lib/gcc/avr/3.4.5/../../../../avr/lib/avr5\libc.a
LOAD D:/My_PGM/WinAVR/lib/gcc/avr/3.4.5/avr5\libgcc.a

.hash
 *(.hash)

.dynsym
 *(.dynsym)

.dynstr
 *(.dynstr)

.gnu.version
 *(.gnu.version)

.gnu.version_d
 *(.gnu.version_d)

.gnu.version_r
 *(.gnu.version_r)

.rel.init
 *(.rel.init)

.rela.init
 *(.rela.init)

.rel.text
 *(.rel.text)
 *(.rel.text.*)
 *(.rel.gnu.linkonce.t*)

.rela.text
 *(.rela.text)
 *(.rela.text.*)
 *(.rela.gnu.linkonce.t*)

.rel.fini
 *(.rel.fini)

.rela.fini
 *(.rela.fini)

.rel.rodata
 *(.rel.rodata)
 *(.rel.rodata.*)
 *(.rel.gnu.linkonce.r*)

.rela.rodata
 *(.rela.rodata)
 *(.rela.rodata.*)
 *(.rela.gnu.linkonce.r*)

.rel.data
 *(.rel.data)
 *(.rel.data.*)
 *(.rel.gnu.linkonce.d*)

.rela.data
 *(.rela.data)
 *(.rela.data.*)
 *(.rela.gnu.linkonce.d*)

.rel.ctors
 *(.rel.ctors)

.rela.ctors
 *(.rela.ctors)

.rel.dtors
 *(.rel.dtors)

.rela.dtors
 *(.rela.dtors)

.rel.got
 *(.rel.got)

.rela.got
 *(.rela.got)

.rel.bss
 *(.rel.bss)

.rela.bss
 *(.rela.bss)

.rel.plt
 *(.rel.plt)

.rela.plt
 *(.rela.plt)

.text           0x0001e000     0x15e6
 *(.vectors)
 .vectors       0x0001e000       0x94 D:/My_PGM/WinAVR/bin/../lib/gcc/avr/3.4.5/../../../../avr/lib/avr5/crtcan128.o
                0x0001e000                __vectors
                0x0001e000                __vector_default
                0x0001e094                __ctors_start = .
 *(.ctors)
                0x0001e094                __ctors_end = .
                0x0001e094                __dtors_start = .
 *(.dtors)
                0x0001e094                __dtors_end = .
 *(.progmem.gcc*)
 *(.progmem*)
 .progmem.data  0x0001e094        0xa isp_lib.o
                0x0001e094                boot_conf
                0x0001e09e                . = ALIGN (0x2)
 *(.init0)
 *(.init1)
 *(.init2)
 .init2         0x0001e09e        0xc D:/My_PGM/WinAVR/bin/../lib/gcc/avr/3.4.5/../../../../avr/lib/avr5/crtcan128.o
 *(.init3)
 *(.init4)
 .init4         0x0001e0aa       0x1a D:/My_PGM/WinAVR/bin/../lib/gcc/avr/3.4.5/../../../../avr/lib/avr5/crtcan128.o
                0x0001e0aa                __do_copy_data
 .init4         0x0001e0c4       0x10 D:/My_PGM/WinAVR/lib/gcc/avr/3.4.5/avr5\libgcc.a(_clear_bss.o)
                0x0001e0c4                __do_clear_bss
 *(.init5)
 *(.init6)
 *(.init7)
 *(.init8)
 *(.init9)
 .init9         0x0001e0d4        0x4 D:/My_PGM/WinAVR/bin/../lib/gcc/avr/3.4.5/../../../../avr/lib/avr5/crtcan128.o
 *(.text)
 .text          0x0001e0d8        0x4 D:/My_PGM/WinAVR/bin/../lib/gcc/avr/3.4.5/../../../../avr/lib/avr5/crtcan128.o
                0x0001e0d8                __vector_22
                0x0001e0d8                __vector_28
                0x0001e0d8                __vector_1
                0x0001e0d8                __vector_32
                0x0001e0d8                __vector_34
                0x0001e0d8                __vector_24
                0x0001e0d8                __vector_12
                0x0001e0d8                __bad_interrupt
                0x0001e0d8                __vector_6
                0x0001e0d8                __vector_31
                0x0001e0d8                __vector_35
                0x0001e0d8                __vector_3
                0x0001e0d8                __vector_23
                0x0001e0d8                __vector_30
                0x0001e0d8                __vector_25
                0x0001e0d8                __vector_11
                0x0001e0d8                __vector_13
                0x0001e0d8                __vector_17
                0x0001e0d8                __vector_19
                0x0001e0d8                __vector_7
                0x0001e0d8                __vector_27
                0x0001e0d8                __vector_5
                0x0001e0d8                __vector_33
                0x0001e0d8                __vector_4
                0x0001e0d8                __vector_9
                0x0001e0d8                __vector_2
                0x0001e0d8                __vector_21
                0x0001e0d8                __vector_15
                0x0001e0d8                __vector_36
                0x0001e0d8                __vector_29
                0x0001e0d8                __vector_8
                0x0001e0d8                __vector_26
                0x0001e0d8                __vector_14
                0x0001e0d8                __vector_10
                0x0001e0d8                __vector_16
                0x0001e0d8                __vector_18
                0x0001e0d8                __vector_20
 .text          0x0001e0dc       0xdc main_can_bootloader_example.o
                0x0001e0dc                main
 .text          0x0001e1b8      0x4c2 can_isp_protocol.o
                0x0001e258                can_isp_send_error_frame
                0x0001e27a                can_isp_protocol_task
                0x0001e1b8                can_isp_protocol_init
                0x0001e23e                can_isp_send_frame
 .text          0x0001e67a      0x3fa can_drv.o
                0x0001e698                can_get_mob_free
                0x0001e6ce                can_get_mob_status
                0x0001e6f6                can_get_data
                0x0001e67a                can_clear_all_mob
                0x0001e72c                can_auto_baudrate
                0x0001ea5c                can_fixed_baudrate
 .text          0x0001ea74      0x218 reduced_can_lib.o
                0x0001ebd6                can_get_status
                0x0001ea74                can_cmd
 .text          0x0001ec8c       0xbe eeprom_lib.o
                0x0001ecb0                eeprom_rd_block
                0x0001ed20                eeprom_full_erase
                0x0001ece8                eeprom_wr_block
                0x0001ec9e                eeprom_wr_byte
                0x0001ec8c                eeprom_rd_byte
 .text          0x0001ed4a       0x4c flash_boot_drv.o
                0x0001ed7c                flash_page_erase
                0x0001ed62                flash_page_write
                0x0001ed4a                flash_fill_temp_buffer
 .text          0x0001ed96      0x250 flash_boot_lib.o
                0x0001ed96                flash_rd_byte
                0x0001ef96                flash_full_erase
                0x0001ef5e                flash_wr_byte
                0x0001edbe                flash_rd_word
                0x0001ee3c                flash_wr_block
                0x0001edf0                flash_page_blank_check
 .text          0x0001efe6      0x600 isp_lib.o
                0x0001f000                isp_set_page
                0x0001f022                get_conf_byte
                0x0001f44c                put_conf_block
                0x0001effa                isp_set_memory
                0x0001efe6                isp_jump_to
                0x0001f036                isp_read_block
                0x0001f45e                put_conf_byte
                0x0001f57a                isp_memory_erase
                0x0001f33e                isp_blank_check
                0x0001f470                isp_prog_block
                0x0001f006                isp_address_range
                0x0001f5e6                . = ALIGN (0x2)
 *(.text.*)
                0x0001f5e6                . = ALIGN (0x2)
 *(.fini9)
 *(.fini8)
 *(.fini7)
 *(.fini6)
 *(.fini5)
 *(.fini4)
 *(.fini3)
 *(.fini2)
 *(.fini1)
 *(.fini0)
                0x0001f5e6                _etext = .

.data           0x00800100        0xa load address 0x0001f5e6
                0x00800100                PROVIDE (__data_start, .)
 *(.data)
 .data          0x00800100        0xa isp_lib.o
                0x00800100                boot_conf_default
 *(.gnu.linkonce.d*)
                0x0080010a                . = ALIGN (0x2)
                0x0080010a                _edata = .
                0x0080010a                PROVIDE (__data_end, .)

.bss            0x0080010a      0x136
                0x0080010a                PROVIDE (__bss_start, .)
 *(.bss)
 *(COMMON)
 COMMON         0x0080010a      0x12b can_isp_protocol.o
                0x0080010a                local_buffer
                0x0080020a                can_isp_rx_buffer
                0x00800212                can_communication_opened
                0x00800213                can_isp_rx_msg
                0x0080021e                loc_buf_index
                0x00800220                base_isp_id
                0x00800222                can_isp_tx_msg
                0x0080022d                can_isp_tx_buffer
 COMMON         0x00800235        0xb isp_lib.o
                0x00800235                isp_start_address
                0x00800237                isp_number_of_bytes
                0x00800239                isp_select_memory
                0x0080023a                isp_select_page
                0x0080023b                isp_number_of_bytes_copy
                0x0080023d                isp_start_address_copy
                0x0080023f                isp_prog_on_going
                0x00800240                PROVIDE (__bss_end, .)
                0x0001f5e6                __data_load_start = LOADADDR (.data)
                0x0001f5f0                __data_load_end = (__data_load_start + SIZEOF (.data))

.noinit         0x00800240        0x0
                0x00800240                PROVIDE (__noinit_start, .)
 *(.noinit*)
                0x00800240                PROVIDE (__noinit_end, .)
                0x00800240                _end = .
                0x00800240                PROVIDE (__heap_start, .)

.eeprom         0x00810000        0x0
 *(.eeprom*)
                0x00810000                __eeprom_end = .

.stab           0x00000000      0x408
 *(.stab)
 .stab          0x00000000      0x408 D:/My_PGM/WinAVR/bin/../lib/gcc/avr/3.4.5/../../../../avr/lib/avr5/crtcan128.o

.stabstr        0x00000000       0x84
 *(.stabstr)
 .stabstr       0x00000000       0x84 D:/My_PGM/WinAVR/bin/../lib/gcc/avr/3.4.5/../../../../avr/lib/avr5/crtcan128.o

.stab.excl
 *(.stab.excl)

.stab.exclstr
 *(.stab.exclstr)

.stab.index
 *(.stab.index)

.stab.indexstr
 *(.stab.indexstr)

.comment
 *(.comment)

.debug
 *(.debug)

.line
 *(.line)

.debug_srcinfo
 *(.debug_srcinfo)

.debug_sfnames
 *(.debug_sfnames)

.debug_aranges  0x00000000       0xa0
 *(.debug_aranges)
 .debug_aranges
                0x00000000       0x14 main_can_bootloader_example.o
 .debug_aranges
                0x00000014       0x14 can_isp_protocol.o
 .debug_aranges
                0x00000028       0x14 can_drv.o
 .debug_aranges
                0x0000003c       0x14 reduced_can_lib.o
 .debug_aranges
                0x00000050       0x14 eeprom_lib.o
 .debug_aranges
                0x00000064       0x14 flash_boot_drv.o
 .debug_aranges
                0x00000078       0x14 flash_boot_lib.o
 .debug_aranges
                0x0000008c       0x14 isp_lib.o

.debug_pubnames
                0x00000000      0x4fe
 *(.debug_pubnames)
 .debug_pubnames
                0x00000000       0x1b main_can_bootloader_example.o
 .debug_pubnames
                0x0000001b      0x11c can_isp_protocol.o
 .debug_pubnames
                0x00000137       0x92 can_drv.o
 .debug_pubnames
                0x000001c9       0x31 reduced_can_lib.o
 .debug_pubnames
                0x000001fa       0x76 eeprom_lib.o
 .debug_pubnames
                0x00000270       0x57 flash_boot_drv.o
 .debug_pubnames
                0x000002c7       0x8b flash_boot_lib.o
 .debug_pubnames
                0x00000352      0x1ac isp_lib.o

.debug_info     0x00000000     0x12b3
 *(.debug_info)
 .debug_info    0x00000000       0xf4 main_can_bootloader_example.o
 .debug_info    0x000000f4      0x327 can_isp_protocol.o
 .debug_info    0x0000041b      0x2aa can_drv.o
 .debug_info    0x000006c5      0x260 reduced_can_lib.o
 .debug_info    0x00000925      0x1cf eeprom_lib.o
 .debug_info    0x00000af4      0x10f flash_boot_drv.o
 .debug_info    0x00000c03      0x2a1 flash_boot_lib.o
 .debug_info    0x00000ea4      0x40f isp_lib.o
 *(.gnu.linkonce.wi.*)

.debug_abbrev   0x00000000      0x74a
 *(.debug_abbrev)
 .debug_abbrev  0x00000000       0x92 main_can_bootloader_example.o
 .debug_abbrev  0x00000092      0x149 can_isp_protocol.o
 .debug_abbrev  0x000001db       0xd3 can_drv.o
 .debug_abbrev  0x000002ae      0x132 reduced_can_lib.o
 .debug_abbrev  0x000003e0       0xbb eeprom_lib.o
 .debug_abbrev  0x0000049b       0x72 flash_boot_drv.o
 .debug_abbrev  0x0000050d       0xff flash_boot_lib.o
 .debug_abbrev  0x0000060c      0x13e isp_lib.o

.debug_line     0x00000000     0x1632
 *(.debug_line)
 .debug_line    0x00000000      0x286 main_can_bootloader_example.o
 .debug_line    0x00000286      0x45b can_isp_protocol.o
 .debug_line    0x000006e1      0x3d8 can_drv.o
 .debug_line    0x00000ab9      0x241 reduced_can_lib.o
 .debug_line    0x00000cfa      0x181 eeprom_lib.o
 .debug_line    0x00000e7b      0x142 flash_boot_drv.o
 .debug_line    0x00000fbd      0x249 flash_boot_lib.o
 .debug_line    0x00001206      0x42c isp_lib.o

.debug_frame
 *(.debug_frame)

.debug_str      0x00000000      0x795
 *(.debug_str)
 .debug_str     0x00000000      0x119 main_can_bootloader_example.o
                                0x14d (size before relaxing)
 .debug_str     0x00000119      0x1d7 can_isp_protocol.o
                                0x2f9 (size before relaxing)
 .debug_str     0x000002f0      0x145 can_drv.o
                                0x23b (size before relaxing)
 .debug_str     0x00000435       0x56 reduced_can_lib.o
                                0x1aa (size before relaxing)
 .debug_str     0x0000048b       0x8e eeprom_lib.o
                                0x188 (size before relaxing)
 .debug_str     0x00000519       0x68 flash_boot_drv.o
                                0x167 (size before relaxing)
 .debug_str     0x00000581       0xf3 flash_boot_lib.o
                                0x21b (size before relaxing)
 .debug_str     0x00000674      0x121 isp_lib.o
                                0x2ca (size before relaxing)

.debug_loc
 *(.debug_loc)

.debug_macinfo
 *(.debug_macinfo)
OUTPUT(can_bootloader_example_gcc.elf elf32-avr)
